C51 COMPILER V9.59.0.0   RECESERVICE                                                       10/26/2022 13:06:33 PAGE 1   


C51 COMPILER V9.59.0.0, COMPILATION OF MODULE RECESERVICE
OBJECT MODULE PLACED IN .\OUTPUT\receservice.obj
COMPILER INVOKED BY: D:\Keil_C51\C51\BIN\C51.EXE SYSTEM\receservice.c LARGE OPTIMIZE(8,SPEED) BROWSE INCDIR(.\USER;.\SYS
                    -TEM;.\HARDWARE) DEBUG OBJECTEXTEND PRINT(.\receservice.lst) TABS(2) OBJECT(.\OUTPUT\receservice.obj)

line level    source

   1          #include  "receservice.h"
   2          
   3          float fTempM[10]=0 ;          //8路温度全局变量,初始化为0度,最终平均值
   4          float fTempM6[4][10]=0 ;          //8路温度全局变量,初始化为0度，6次测量传值，待平均
   5          unsigned char strTemp[30];    //全局临时变量，用于输出
   6          
   7          
   8          
   9          /******************************************************
  10          函数名：uart1_rece_proc(void)
  11          功能：处理串口接收的有效数据，收到帧结束标志后
  12          参数：无参数
  13          *******************************************************/
  14          void uart1_rece_proc(void)
  15          {
  16   1          if(Recv_OK)
  17   1          { 
  18   2      //      uart1_rece_ack();       //向主机回送测温信息；向串口发送数据
  19   2            
  20   2      #ifdef DEBUG                  //输出调试信息
                  S1_USE_P30P31();          //串口1切换到 P30 P31 调试口  
                    
                  sprintf(strTemp, "%d-%d-%d-%d-%d", (int)fTempM[0],(int)fTempM[1],(int)fTempM[2],(int)fTempM[3],(int)fTem
             -pM[4]); //浮点数转成字符串 
                  SendStringByUart1(strTemp);       //串口打印出温度值
                  sprintf(strTemp, "-%d-%d-%d-%d-%d%%\r\n", (int)fTempM[5],(int)fTempM[6],(int)fTempM[7],(int)fTempM[8],(i
             -nt)fTempM[9]); //浮点数转成字符串 
                  SendStringByUart1(strTemp);       //串口打印出温度值
                    
                  S1_USE_P36P37();          //串口1切换 P36,P37 
              #endif
  30   2            
  31   2            uart1_rece_ack();       //向主机回送测温信息；向串口发送数据
  32   2            
  33   2            REN = 1;                //允许串口接收
  34   2            Recv_Cnt = 0;           //串口1接收计数清0
  35   2            Recv_OK = 0;            //清串口1接收标志
  36   2          } 
  37   1      }
  38          
  39          /******************************************************
  40          函数名：uart1_auto_tx(void)
  41          功能：自动定时发送10个传感器的温度:8+1个温度+1个湿度
  42          参数：无参数
  43          *******************************************************/
  44          void uart1_auto_tx(void)
  45          {     
  46   1          uint16 crc16bit;  
  47   1      
  48   1          Recv_Cnt = 0x08;                    //8个数据，只可能是8个
  49   1            
  50   1          Uart1_RX_Buffer[0] = BaudAddr[1];   //从站地址
  51   1          Uart1_RX_Buffer[1] = 0x03;          //模拟查询功能码 03
  52   1          Uart1_RX_Buffer[2] = 0x00;
C51 COMPILER V9.59.0.0   RECESERVICE                                                       10/26/2022 13:06:33 PAGE 2   

  53   1          Uart1_RX_Buffer[3] = 0x00;
  54   1          Uart1_RX_Buffer[4] = 0x00;
  55   1          Uart1_RX_Buffer[5] = 0x0A;          //读取2个温度和湿度数值8+2=10
  56   1      //    if(CHNUM == 1)  Uart1_RX_Buffer[5] = 0x01;          //读取1个温度数值 
  57   1          crc16bit = crc16(Uart1_RX_Buffer, Recv_Cnt - 2);    //计算CRC
  58   1          Uart1_RX_Buffer[6] = crc16bit /256;   
  59   1          Uart1_RX_Buffer[7] = crc16bit %256; 
  60   1      
  61   1          uart1_rece_ack();       //向主机回送测温信息；自动回传  
  62   1        
  63   1          REN = 1;              //允许串口接收
  64   1          Recv_Cnt = 0;         //串口1接收计数清0
  65   1          Recv_OK = 0;          //清串口1接收标志
  66   1      }
  67          
  68          /******************************************************
  69          函数名：uart1_rece_ack()
  70          功能：根据接收到的Uart1_RX_Buffer[]数据，向上位机返回发送数据
  71          参数：无参数（处理全局数组）
  72          *******************************************************/
  73          void uart1_rece_ack()       //向主机回送测温信息；
  74          {
  75   1      //  uint8 Uart1_RX_Buffer[8] = {0x30,0x03,0x00,0x00,0x00,0x01,0x80,0x2B};  //校验码 802B
  76   1      //  uint8 Uart1_RX_Buffer[8] = {0x30,0x03,0x00,0x00,0x00,0x02,0xC0,0x2A};   
  77   1      //  uint8 Uart1_RX_Buffer[8] = {0x00,0x03,0x00,0x00,0x00,0x01,0x85,0xDB};  //广播测试地址
  78   1      //  uint8 Uart1_RX_Buffer[8] = {0x00,0x03,0x00,0x01,0x00,0x01,0xD4,0x1B};  //查询从机地址49=0x31
  79   1      //  uint8 Uart1_RX_Buffer[8] = {0x00,0x06,0x00,0x01,0x00,0x31,0x18,0x0F};  //设置从机地址
  80   1      //  uint8 Uart1_RX_Buffer[8] = {0x00,0x06,0x00,0x25,0x55,0xAA,0x26,0xFF};  //软件复位命令
  81   1      //  uint8 Uart1_RX_Buffer[8] = {0x30,0x03,0x00,0x00,0x00,0x02,0xC0,0x2A};  //双路温度回传命令
  82   1      //  uint8 Uart1_RX_Buffer[8] = {0x30,0x03,0x00,0x00,0x00,0x03,0x01,0xEA};  //三路温度回传命令
  83   1      //  uint8 Uart1_RX_Buffer[8] = {0x00,0x06,0x01,0x09,0x12,0x34,0x54,0x92};  //恢复出厂设置命令05 01 00 
  84   1      //  uint8 Recv_Cnt = 8;
  85   1        
  86   1        uint16 crc16bit;  
  87   1        uint8 send_cnt = 0;
  88   1        uint8 rsp_cnt, err=RECV_NO_ERROR;
  89   1        uint8 i;
  90   1        uint8 j;
  91   1        float aver_temp[4] = 0;
  92   1        
  93   1        crc16bit = crc16(Uart1_RX_Buffer, Recv_Cnt - 2);
  94   1        if(memcmp(Uart1_RX_Buffer + Recv_Cnt - 2 , &crc16bit, 2)==0)
  95   1        {       
  96   2            memcpy(Uart1_SEND_Buffer, Uart1_RX_Buffer, 2);    //modbus addr + func code
  97   2          
  98   2          //TXEN485 = 1;          //控制485发送功能，需要发送时设定 
  99   2          for(i=0; i<8; i++)      //计算10个采样值的平均值,存入fTempM
 100   2          {
 101   3            for(j=0; j<4; j++)  
 102   3            {
 103   4              aver_temp[j] = fTempM6[j][i];
 104   4              //printf("%d--",(int) fTempM6[j][i]);
 105   4            }
 106   3            
 107   3            fTempM[i] = Temp_Average_Get(aver_temp);
 108   3            //printf("\n平均温度%d\n", (int) fTempM[i]);      
 109   3          }
 110   2          //TXEN485 = 0;          //控制485接收功能   
 111   2              
 112   2            rsp_cnt = Modbus_Req_Func_Match(Uart1_RX_Buffer+1, Recv_Cnt, Uart1_SEND_Buffer+2,&err);
 113   2            if(rsp_cnt == 0)            //帧长度错误时，rsp_cnt为0，不处理
 114   2              return;
C51 COMPILER V9.59.0.0   RECESERVICE                                                       10/26/2022 13:06:33 PAGE 3   

 115   2      
 116   2            if (err != RECV_NO_ERROR){
 117   3                Uart1_SEND_Buffer[1] += 0x80;
 118   3                Uart1_SEND_Buffer[2] = err;
 119   3                rsp_cnt = 3;
 120   3            }
 121   2            else rsp_cnt += 2;         //返回pdu长度不包含地址和功能码
 122   2            
 123   2            send_cnt = rsp_cnt;       //发送的有效数据长度；不含2位CRC
 124   2            
 125   2            crc16bit = crc16(Uart1_SEND_Buffer, send_cnt);  //获CRC16
 126   2            Uart1_SEND_Buffer[send_cnt] = crc16bit>>8 ;
 127   2            Uart1_SEND_Buffer[send_cnt+1] = crc16bit;
 128   2      
 129   2            TXEN485 = 1;              //控制485发送功能，需要发送时设定
 130   2            for(i=0; i<send_cnt+2; i++)
 131   2            {
 132   3              SendDataByUart1(Uart1_SEND_Buffer[i]);      //发送应答回送数据
 133   3            }   
 134   2            TXEN485 = 0;              //控制485接收功能
 135   2        }
 136   1      }
 137          
 138          //Modbus命令请求功能码匹配
 139          /**
 140            *   正常情况下返回响应帧全部payload的字节数，不包括帧头的modbus地址，功能码，和帧尾CRC校验个数
 141            *   请求帧长度错误时，返回0
 142            *   非法的请求地址、长度或数据值时和设备服务故障时，err不为0，返回-1
 143           */
 144          uint8 Modbus_Req_Func_Match(uint8 *recv_pdu, uint8 recv_cnt, uint8 *send_pdu, uint8 *err)
 145          {
 146   1          uint8 rsp_cnt;
 147   1          uint8 func_code;
 148   1          
 149   1          func_code = *recv_pdu++;
 150   1          switch(func_code){            //只支持04、06功能码
 151   2              case READ_COIL:           //01、02功能码使用时不作区分
 152   2              case READ_INPUT_COIL:*err = ILLEGAL_FUNCTION;break;  //不支持的功能码先返回01错误码
 153   2              case READ_HOLD_REG:       //03、04功能码使用时不作区分
 154   2              case READ_INPUT_REG:      //04功能码
 155   2                    rsp_cnt=Read_Mb_Reg_Rsp(recv_pdu, recv_cnt, send_pdu, err);
 156   2                    break;
 157   2              case WRITE_COIL:
 158   2              case WRITE_HOLD_REG:      //08功能码
 159   2                    rsp_cnt=Write_Mb_Reg_Rsp(recv_pdu, recv_cnt, send_pdu, err);
 160   2                    break;
 161   2              case WRITE_MULTI_COIL:
 162   2              case WRITE_MULTI_REG:
 163   2              default:*err = ILLEGAL_FUNCTION;break;              //不支持的功能码先返回01错误码
 164   2          }
 165   1          return rsp_cnt;
 166   1      }
 167          
 168          //读单个寄存器值，功能码0x03、0x04
 169          uint8 Read_Mb_Reg_Rsp(uint8 *req_pdu, uint8 recv_cnt, uint8 *send_pdu, uint8 *err)
 170          {
 171   1        uint16 req_addr,req_len,pdu_len;
 172   1        uint16 *pdu_ptr;
 173   1      
 174   1        if(recv_cnt != 8)           //功能码03、04的请求长度只能为8byte 
 175   1            return 0;
 176   1      
C51 COMPILER V9.59.0.0   RECESERVICE                                                       10/26/2022 13:06:33 PAGE 4   

 177   1        pdu_ptr = (uint16 *)req_pdu;
 178   1        req_addr =  (*pdu_ptr++)*1000;
 179   1        req_len  = *pdu_ptr;
 180   1        
 181   1        if(req_len == 0 || req_len > 125    //标准请求帧读出的总长度
 182   1          || req_len > (SEND_MAX_LEN-5)/2){ //本地发送限制
 183   2          *err = ILLEGAL_DATA_LEN;
 184   2          return -1;
 185   2        }
 186   1      
 187   1        *send_pdu++ = pdu_len = 2 * req_len;
 188   1        pdu_ptr = (uint16 *)send_pdu;
 189   1        
 190   1        while(req_len--){
 191   2          *pdu_ptr++ = Read_Modbus_Reg(req_addr++, err);  //按地址读取对应的数值
 192   2          if(*err != RECV_NO_ERROR)
 193   2            return -1;
 194   2        }
 195   1          return pdu_len+1;
 196   1      }
 197          
 198          //读modbus寄存器点表,功能码0x03，0x04调用
 199          uint16 Read_Modbus_Reg(uint16 req_addr, uint8 *err)
 200          {
 201   1        uint16 reg = 0xFFFF;   //预留的modbus地址，给个特定返回值以示区别，也可以为0
 202   1          
 203   1        switch(req_addr){                       //寄存器0
 204   2              case 0:
 205   2                  reg = (int) fTempM[0];
 206   2                  break;
 207   2              case 1:   
 208   2                  reg = (int) fTempM[1] ; 
 209   2                  break;
 210   2              case 2:   
 211   2                  reg = (int) fTempM[2];  
 212   2                  break;
 213   2              case 3:   
 214   2                  reg = (int) fTempM[3];  
 215   2                  break;
 216   2              case 4:
 217   2                  reg = (int) fTempM[4];
 218   2                  break;
 219   2              case 5:   
 220   2                  reg = (int) fTempM[5] ; 
 221   2                  break;
 222   2              case 6:   
 223   2                  reg = (int) fTempM[6];  
 224   2                  break;
 225   2              case 7:   
 226   2                  reg = (int) fTempM[7];  
 227   2                  break;
 228   2              case 8:   
 229   2                  reg = (int) fTempM[8];  
 230   2                  break;        
 231   2              case 9:   
 232   2                  reg = (int) fTempM[9];  
 233   2                  break;
 234   2                                               
 235   2              //case 10:break;                                           
 236   2              case 1000:                  //查询485地址从机地址  寄存器1
 237   2                reg = BaudAddr[1];
 238   2                break;                   
C51 COMPILER V9.59.0.0   RECESERVICE                                                       10/26/2022 13:06:33 PAGE 5   

 239   2              case 15000:                 //查询从机是否自动发送，0--不自动，数字---间隔 寄存器15
 240   2                reg = BaudAddr[2];
 241   2                break;  
 242   2              case 3000:                  //查询从机是通讯速率，5--9600 6---19200  寄存器3
 243   2                reg = BaudAddr[0];
 244   2                break; 
 245   2              
 246   2          default:*err=ILLEGAL_DATA_ADDR;break;                   //非法地址
 247   2        }
 248   1        return reg;
 249   1      }
 250          
 251          //写单个寄存器值，功能码0x06
 252          uint8 Write_Mb_Reg_Rsp(uint8 *req_pdu, uint8 recv_cnt, uint8 *send_pdu, uint8 *err)
 253          {
 254   1          uint16 req_addr,req_data;
 255   1          //uint16 req_len,pdu_len;
 256   1          uint16 *pdu_ptr;
 257   1          uint8 i;
 258   1        
 259   1          if(recv_cnt != 8)           //功能码06的请求长度只能为8byte 
 260   1              return 0;
 261   1      
 262   1          for(i=0; i<4; i++)  *(send_pdu+i) = *(req_pdu+i);
 263   1          
 264   1          pdu_ptr = (uint16 *)req_pdu;
 265   1          req_addr = *pdu_ptr;
 266   1          req_data = (uint16)(*(pdu_ptr+1));
 267   1          Write_Modbus_Reg(req_addr, req_data, err);  //按地址读取对应的数值  
 268   1      
 269   1          return 4;
 270   1      }
 271          
 272          //读modbus寄存器点表,功能码0x06调用
 273          uint16 Write_Modbus_Reg(uint16 req_addr, uint16 req_data, uint8 *err)
 274          {
 275   1        uint16 reg = 0xFFFF;   //预留的modbus地址，给个特定返回值以示区别，也可以为0
 276   1        
 277   1        switch(req_addr){
 278   2              case 1:                   //设置从站地址  
 279   2                  BaudAddr[1] = (uint8) req_data;       
 280   2                  EEPROM_write_1(Addr_485, BaudAddr+1); //BaudAddr[1] 写入eeprom
 281   2      
 282   2                  break;
 283   2              case 0x0025:              //软启动   37进制
 284   2                  IAP_CONTR = 0x20;
 285   2                  break;
 286   2              
 287   2              case 0x0109:              //恢复出厂设置 9600，站址1  不自动发送0  263进制
 288   2                  if(req_data != 0x1234)  break;            //恢复出厂命令：00 06 01 09 12 34 54 92
 289   2                  EEPROM_Factory();
 290   2                  IAP_CONTR = 0x20;                         //重启动
 291   2                  break;  
 292   2              case 0x000F:              //设置是否自动回传，1-255：自动回传  0：不回传
 293   2                  BaudAddr[2] = (uint8) req_data;       
 294   2                  EEPROM_write_1(Addr_autoT, BaudAddr+2);   //BaudAddr[1] 写入eeprom
 295   2                  IAP_CONTR = 0x20;
 296   2              
 297   2                  break;  
 298   2              
 299   2                case 0x0003:          //设置通讯速率，5--9600   6-19200，目前只支持2种
 300   2                  if((req_data==5) || (req_data==6))        
C51 COMPILER V9.59.0.0   RECESERVICE                                                       10/26/2022 13:06:33 PAGE 6   

 301   2                  {
 302   3                      BaudAddr[0] = (uint8) req_data;       
 303   3                      EEPROM_write_1(Addr_Baud, BaudAddr);  //BaudAddr[0] 写入eeprom
 304   3                      IAP_CONTR = 0x20;                   //重新启动
 305   3                  }
 306   2                  break;  
 307   2              
 308   2            default:*err=ILLEGAL_DATA_ADDR;break;                   //非法地址
 309   2        }
 310   1        return reg;
 311   1      }
 312          
 313          
 314          //modbusrtu定义部分
 315          /*
 316                          unsigned char crc_high8;//modbusrtu_crc16效验
 317                          unsigned char crc_low8;//modbusrtu_crc16效验
 318                          //modbusrtu_crc16效验测试数据包 //
 319                          //unsigned char data_CRC[6] = {0x03,0x10,0x00,0x01,0x00,0x08};//校验码91ED
 320                          //unsigned char data_CRC[6] = {0x01,0x05,0x00,0x00,0xFF,0x00};//校验码8C3A
 321                          //modbusrtu_crc16效验测试数据包 //
 322          */
 323          //modbusrtu定义部分
 324          
 325          //modbusrtu函数部分
 326          /* CRC高位字节值表*/ 
 327          const unsigned char code auchCRCHi[] = { //code表示存入ram
 328          0x00, 0xC1, 0x81, 0x40, 0x01, 0xC0, 0x80, 0x41, 0x01, 0xC0, 
 329          0x80, 0x41, 0x00, 0xC1, 0x81, 0x40, 0x01, 0xC0, 0x80, 0x41, 
 330          0x00, 0xC1, 0x81, 0x40, 0x00, 0xC1, 0x81, 0x40, 0x01, 0xC0, 
 331          0x80, 0x41, 0x01, 0xC0, 0x80, 0x41, 0x00, 0xC1, 0x81, 0x40, 
 332          0x00, 0xC1, 0x81, 0x40, 0x01, 0xC0, 0x80, 0x41, 0x00, 0xC1, 
 333          0x81, 0x40, 0x01, 0xC0, 0x80, 0x41, 0x01, 0xC0, 0x80, 0x41, 
 334          0x00, 0xC1, 0x81, 0x40, 0x01, 0xC0, 0x80, 0x41, 0x00, 0xC1, 
 335          0x81, 0x40, 0x00, 0xC1, 0x81, 0x40, 0x01, 0xC0, 0x80, 0x41, 
 336          0x00, 0xC1, 0x81, 0x40, 0x01, 0xC0, 0x80, 0x41, 0x01, 0xC0, 
 337          0x80, 0x41, 0x00, 0xC1, 0x81, 0x40, 0x00, 0xC1, 0x81, 0x40, 
 338          0x01, 0xC0, 0x80, 0x41, 0x01, 0xC0, 0x80, 0x41, 0x00, 0xC1, 
 339          0x81, 0x40, 0x01, 0xC0, 0x80, 0x41, 0x00, 0xC1, 0x81, 0x40, 
 340          0x00, 0xC1, 0x81, 0x40, 0x01, 0xC0, 0x80, 0x41, 0x01, 0xC0, 
 341          0x80, 0x41, 0x00, 0xC1, 0x81, 0x40, 0x00, 0xC1, 0x81, 0x40, 
 342          0x01, 0xC0, 0x80, 0x41, 0x00, 0xC1, 0x81, 0x40, 0x01, 0xC0, 
 343          0x80, 0x41, 0x01, 0xC0, 0x80, 0x41, 0x00, 0xC1, 0x81, 0x40, 
 344          0x00, 0xC1, 0x81, 0x40, 0x01, 0xC0, 0x80, 0x41, 0x01, 0xC0, 
 345          0x80, 0x41, 0x00, 0xC1, 0x81, 0x40, 0x01, 0xC0, 0x80, 0x41, 
 346          0x00, 0xC1, 0x81, 0x40, 0x00, 0xC1, 0x81, 0x40, 0x01, 0xC0, 
 347          0x80, 0x41, 0x00, 0xC1, 0x81, 0x40, 0x01, 0xC0, 0x80, 0x41, 
 348          0x01, 0xC0, 0x80, 0x41, 0x00, 0xC1, 0x81, 0x40, 0x01, 0xC0, 
 349          0x80, 0x41, 0x00, 0xC1, 0x81, 0x40, 0x00, 0xC1, 0x81, 0x40, 
 350          0x01, 0xC0, 0x80, 0x41, 0x01, 0xC0, 0x80, 0x41, 0x00, 0xC1, 
 351          0x81, 0x40, 0x00, 0xC1, 0x81, 0x40, 0x01, 0xC0, 0x80, 0x41, 
 352          0x00, 0xC1, 0x81, 0x40, 0x01, 0xC0, 0x80, 0x41, 0x01, 0xC0, 
 353          0x80, 0x41, 0x00, 0xC1, 0x81, 0x40} ;/* CRC高位字节值表*/  
 354          /* CRC低位字节值表*/ 
 355          const unsigned char code auchCRCLo[] = { //code表示存入ram
 356          0x00, 0xC0, 0xC1, 0x01, 0xC3, 0x03, 0x02, 0xC2, 0xC6, 0x06, 
 357          0x07, 0xC7, 0x05, 0xC5, 0xC4, 0x04, 0xCC, 0x0C, 0x0D, 0xCD, 
 358          0x0F, 0xCF, 0xCE, 0x0E, 0x0A, 0xCA, 0xCB, 0x0B, 0xC9, 0x09, 
 359          0x08, 0xC8, 0xD8, 0x18, 0x19, 0xD9, 0x1B, 0xDB, 0xDA, 0x1A, 
 360          0x1E, 0xDE, 0xDF, 0x1F, 0xDD, 0x1D, 0x1C, 0xDC, 0x14, 0xD4, 
 361          0xD5, 0x15, 0xD7, 0x17, 0x16, 0xD6, 0xD2, 0x12, 0x13, 0xD3, 
 362          0x11, 0xD1, 0xD0, 0x10, 0xF0, 0x30, 0x31, 0xF1, 0x33, 0xF3, 
C51 COMPILER V9.59.0.0   RECESERVICE                                                       10/26/2022 13:06:33 PAGE 7   

 363          0xF2, 0x32, 0x36, 0xF6, 0xF7, 0x37, 0xF5, 0x35, 0x34, 0xF4, 
 364          0x3C, 0xFC, 0xFD, 0x3D, 0xFF, 0x3F, 0x3E, 0xFE, 0xFA, 0x3A, 
 365          0x3B, 0xFB, 0x39, 0xF9, 0xF8, 0x38, 0x28, 0xE8, 0xE9, 0x29, 
 366          0xEB, 0x2B, 0x2A, 0xEA, 0xEE, 0x2E, 0x2F, 0xEF, 0x2D, 0xED, 
 367          0xEC, 0x2C, 0xE4, 0x24, 0x25, 0xE5, 0x27, 0xE7, 0xE6, 0x26, 
 368          0x22, 0xE2, 0xE3, 0x23, 0xE1, 0x21, 0x20, 0xE0, 0xA0, 0x60, 
 369          0x61, 0xA1, 0x63, 0xA3, 0xA2, 0x62, 0x66, 0xA6, 0xA7, 0x67, 
 370          0xA5, 0x65, 0x64, 0xA4, 0x6C, 0xAC, 0xAD, 0x6D, 0xAF, 0x6F, 
 371          0x6E, 0xAE, 0xAA, 0x6A, 0x6B, 0xAB, 0x69, 0xA9, 0xA8, 0x68, 
 372          0x78, 0xB8, 0xB9, 0x79, 0xBB, 0x7B, 0x7A, 0xBA, 0xBE, 0x7E, 
 373          0x7F, 0xBF, 0x7D, 0xBD, 0xBC, 0x7C, 0xB4, 0x74, 0x75, 0xB5, 
 374          0x77, 0xB7, 0xB6, 0x76, 0x72, 0xB2, 0xB3, 0x73, 0xB1, 0x71, 
 375          0x70, 0xB0, 0x50, 0x90, 0x91, 0x51, 0x93, 0x53, 0x52, 0x92, 
 376          0x96, 0x56, 0x57, 0x97, 0x55, 0x95, 0x94, 0x54, 0x9C, 0x5C, 
 377          0x5D, 0x9D, 0x5F, 0x9F, 0x9E, 0x5E, 0x5A, 0x9A, 0x9B, 0x5B, 
 378          0x99, 0x59, 0x58, 0x98, 0x88, 0x48, 0x49, 0x89, 0x4B, 0x8B, 
 379          0x8A, 0x4A, 0x4E, 0x8E, 0x8F, 0x4F, 0x8D, 0x4D, 0x4C, 0x8C, 
 380          0x44, 0x84, 0x85, 0x45, 0x87, 0x47, 0x46, 0x86, 0x82, 0x42, 
 381          0x43, 0x83, 0x41, 0x81, 0x80, 0x40} ;/* CRC低位字节值表*/ 
 382          
 383          unsigned int crc16(unsigned char *puchMsg, unsigned int usDataLen) //（待校验数据首地址，待校验数据位数）
 384          { 
 385   1        unsigned char uchCRCHi = 0xFF ; /* 高CRC字节初始化 */ 
 386   1        unsigned char uchCRCLo = 0xFF ; /* 低CRC 字节初始化 */ 
 387   1        unsigned long uIndex ; /* CRC循环中的索引 */ 
 388   1        while (usDataLen--) /* 传输消息缓冲区 */ 
 389   1        { 
 390   2          
 391   2          uIndex = uchCRCHi ^ *puchMsg++ ; /* 计算CRC */ 
 392   2          uchCRCHi = uchCRCLo ^ auchCRCHi[uIndex] ; /* 计算CRC高位 */ 
 393   2          uchCRCLo = auchCRCLo[uIndex] ;    /* 计算CRC低位 */ 
 394   2        } 
 395   1              //将得到的数据储存到crc 
 396   1              //crc_high8=uchCRCHi;
 397   1              //crc_low8=uchCRCLo;
 398   1        
 399   1              //将得到的数据放到串口接受用的数组中
 400   1        return (uchCRCHi << 8 | uchCRCLo) ; //返回值返回  
 401   1      }
 402          //modbusrtu函数部分
 403          //modbusrtu函数运行部分
 404                  //运行下面函数可以得到效验数据 一般是放到数组里面再发出去所以去掉//返回值返回  这一行
 405                  //可以主程序里加下面两行，上面的（//返回值返回  ）这行取消注释
 406                  //crc_high8=crc16(data_CRC,6)>>8;//crc高8位
 407                  //crc_low8=crc16(data_CRC,6) & 0xFF;//crc低8位
 408          
 409                  //crc16(data_CRC,6);//也可以在主程序中加上这个函数，函数运行后会把效验数据放到crc_high8,crc_low8这两个
             -全局变量里
 410          //modbusrtu函数运行部分
 411          
 412          /*********将缓存中的场强去掉1个最高、1个最低后的计算平均值****************/
 413          float Temp_Average_Get(float *tempptr)
 414          {
 415   1        float aver=0; 
 416   1        float min;
 417   1        float max;
 418   1        static int i;
 419   1        
 420   1        min = *tempptr;
 421   1        max = *tempptr;   
 422   1        
 423   1          for(i = 0;i < 4 ;++i)
C51 COMPILER V9.59.0.0   RECESERVICE                                                       10/26/2022 13:06:33 PAGE 8   

 424   1        {
 425   2             aver+= *(tempptr+i);
 426   2             if(max<*(tempptr+i))     max=*(tempptr+i);
 427   2             else if(min>*(tempptr+i))  min=*(tempptr+i);
 428   2        }
 429   1          aver-=min+max;      
 430   1          aver/=(4 - 2);        
 431   1          //printf("%d\n", aver); 
 432   1        return aver;
 433   1      }
 434          
 435          
 436          /*********************************END FILE********************************************/ 


MODULE INFORMATION:   STATIC OVERLAYABLE
   CODE SIZE        =   2133    ----
   CONSTANT SIZE    =    528    ----
   XDATA SIZE       =    232     102
   PDATA SIZE       =   ----    ----
   DATA SIZE        =   ----    ----
   IDATA SIZE       =   ----    ----
   BIT SIZE         =   ----    ----
END OF MODULE INFORMATION.


C51 COMPILATION COMPLETE.  0 WARNING(S),  0 ERROR(S)
